  Killing any running python.exe instances...
  Getting build info from git
  fatal: not a git repository (or any of the parent directories): .git
L:\Working\Python-2.7.18\Python-2.7.18\PCbuild\pythoncore.vcxproj(429,5): warning MSB3073: 命令“git name-rev --name-only HEAD > "L:\Working\Python-2.7.18\Python-2.7.18\PCbuild\obj\amd64_Release\pythoncore\gitbranch.txt"”已退出，代码为 128。
  fatal: not a git repository (or any of the parent directories): .git
L:\Working\Python-2.7.18\Python-2.7.18\PCbuild\pythoncore.vcxproj(430,5): warning MSB3073: 命令“git rev-parse --short HEAD > "L:\Working\Python-2.7.18\Python-2.7.18\PCbuild\obj\amd64_Release\pythoncore\gitversion.txt"”已退出，代码为 128。
  fatal: not a git repository (or any of the parent directories): .git
L:\Working\Python-2.7.18\Python-2.7.18\PCbuild\pythoncore.vcxproj(431,5): warning MSB3073: 命令“git describe --all --always --dirty > "L:\Working\Python-2.7.18\Python-2.7.18\PCbuild\obj\amd64_Release\pythoncore\gittag.txt"”已退出，代码为 128。
  Building : 
L:\Working\Python-2.7.18\Python-2.7.18\PCbuild\pythoncore.vcxproj(445,5): warning : Toolset v143 is not used for official builds. Your build may have errors or incompatibilities.
  socketmodule.c
C:\Program Files (x86)\Windows Kits\10\Include\10.0.22621.0\um\winsock2.h(391,9): warning C4005: “INVALID_SOCKET”: 宏重定义
  (编译源文件“../Modules/socketmodule.c”)
      L:\Working\Python-2.7.18\Python-2.7.18\Modules\socketmodule.c(103,9):
      参见“INVALID_SOCKET”的前一个定义
  
L:\Working\Python-2.7.18\Python-2.7.18\Modules\socketmodule.c(398,9): warning C4005: “EAFNOSUPPORT”: 宏重定义
      C:\Program Files (x86)\Windows Kits\10\Include\10.0.22621.0\ucrt\errno.h(91,13):
      参见“EAFNOSUPPORT”的前一个定义
  
L:\Working\Python-2.7.18\Python-2.7.18\Modules\socketmodule.c(746,34): warning C4244: “函数”: 从“SOCKET_T”转换到“int”，可能丢失数据
L:\Working\Python-2.7.18\Python-2.7.18\Modules\socketmodule.c(748,34): warning C4244: “函数”: 从“SOCKET_T”转换到“int”，可能丢失数据
L:\Working\Python-2.7.18\Python-2.7.18\Modules\socketmodule.c(1769,26): warning C4244: “函数”: 从“SOCKET_T”转换到“int”，可能丢失数据
L:\Working\Python-2.7.18\Python-2.7.18\Modules\socketmodule.c(2081,36): warning C4244: “函数”: 从“SOCKET_T”转换到“int”，可能丢失数据
L:\Working\Python-2.7.18\Python-2.7.18\Modules\socketmodule.c(2277,26): warning C4244: “函数”: 从“SOCKET_T”转换到“int”，可能丢失数据
L:\Working\Python-2.7.18\Python-2.7.18\Modules\socketmodule.c(2306,26): warning C4244: “函数”: 从“SOCKET_T”转换到“int”，可能丢失数据
L:\Working\Python-2.7.18\Python-2.7.18\Modules\socketmodule.c(2581,19): warning C4244: “=”: 从“Py_ssize_t”转换到“int”，可能丢失数据
L:\Working\Python-2.7.18\Python-2.7.18\Modules\socketmodule.c(2678,33): warning C4244: “函数”: 从“SOCKET_T”转换到“int”，可能丢失数据
L:\Working\Python-2.7.18\Python-2.7.18\Modules\socketmodule.c(2755,17): warning C4244: “=”: 从“Py_ssize_t”转换到“int”，可能丢失数据
L:\Working\Python-2.7.18\Python-2.7.18\Modules\socketmodule.c(2947,14): warning C4244: “=”: 从“Py_ssize_t”转换到“int”，可能丢失数据
L:\Working\Python-2.7.18\Python-2.7.18\Modules\socketmodule.c(2979,37): warning C4244: “函数”: 从“Py_ssize_t”转换到“int”，可能丢失数据
L:\Working\Python-2.7.18\Python-2.7.18\Modules\socketmodule.c(3515,9): warning C4996: 'gethostbyname': Use getaddrinfo() or GetAddrInfoW() instead or define _WINSOCK_DEPRECATED_NO_WARNINGS to disable deprecated API warnings
L:\Working\Python-2.7.18\Python-2.7.18\Modules\socketmodule.c(3614,9): warning C4996: 'gethostbyaddr': Use getnameinfo() or GetNameInfoW() instead or define _WINSOCK_DEPRECATED_NO_WARNINGS to disable deprecated API warnings
L:\Working\Python-2.7.18\Python-2.7.18\Modules\socketmodule.c(4013,23): warning C4996: 'inet_addr': Use inet_pton() or InetPton() instead or define _WINSOCK_DEPRECATED_NO_WARNINGS to disable deprecated API warnings
L:\Working\Python-2.7.18\Python-2.7.18\Modules\socketmodule.c(4055,32): warning C4996: 'inet_ntoa': Use inet_ntop() or InetNtop() instead or define _WINSOCK_DEPRECATED_NO_WARNINGS to disable deprecated API warnings
L:\Working\Python-2.7.18\Python-2.7.18\Modules\socketmodule.c(4254,47): warning C4267: “函数”: 从“size_t”转换到“int”，可能丢失数据
L:\Working\Python-2.7.18\Python-2.7.18\Modules\socketmodule.c(4361,42): warning C4267: “函数”: 从“size_t”转换到“socklen_t”，可能丢失数据
  _socket.vcxproj -> L:\Working\Python-2.7.18\Python-2.7.18\PCBuild\amd64\_socket.lib
