l:\working\python-2.7.18\python-2.7.18\pcbuild\amd64\python27.pdb
l:\working\python-2.7.18\python-2.7.18\pcbuild\obj\amd64_release\pythoncore\cpickle.obj
l:\working\python-2.7.18\python-2.7.18\pcbuild\obj\amd64_release\pythoncore\cmathmodule.obj
l:\working\python-2.7.18\python-2.7.18\pcbuild\obj\amd64_release\pythoncore\binascii.obj
l:\working\python-2.7.18\python-2.7.18\pcbuild\obj\amd64_release\pythoncore\audioop.obj
l:\working\python-2.7.18\python-2.7.18\pcbuild\obj\amd64_release\pythoncore\arraymodule.obj
l:\working\python-2.7.18\python-2.7.18\pcbuild\obj\amd64_release\pythoncore\_weakref.obj
l:\working\python-2.7.18\python-2.7.18\pcbuild\obj\amd64_release\pythoncore\_struct.obj
l:\working\python-2.7.18\python-2.7.18\pcbuild\obj\amd64_release\pythoncore\_sre.obj
l:\working\python-2.7.18\python-2.7.18\pcbuild\obj\amd64_release\pythoncore\_randommodule.obj
l:\working\python-2.7.18\python-2.7.18\pcbuild\obj\amd64_release\pythoncore\_math.obj
l:\working\python-2.7.18\python-2.7.18\pcbuild\obj\amd64_release\pythoncore\_lsprof.obj
l:\working\python-2.7.18\python-2.7.18\pcbuild\obj\amd64_release\pythoncore\_localemodule.obj
l:\working\python-2.7.18\python-2.7.18\pcbuild\obj\amd64_release\pythoncore\_json.obj
l:\working\python-2.7.18\python-2.7.18\pcbuild\obj\amd64_release\pythoncore\_hotshot.obj
l:\working\python-2.7.18\python-2.7.18\pcbuild\obj\amd64_release\pythoncore\_heapqmodule.obj
l:\working\python-2.7.18\python-2.7.18\pcbuild\obj\amd64_release\pythoncore\_functoolsmodule.obj
l:\working\python-2.7.18\python-2.7.18\pcbuild\obj\amd64_release\pythoncore\_csv.obj
l:\working\python-2.7.18\python-2.7.18\pcbuild\obj\amd64_release\pythoncore\_collectionsmodule.obj
l:\working\python-2.7.18\python-2.7.18\pcbuild\obj\amd64_release\pythoncore\_codecsmodule.obj
l:\working\python-2.7.18\python-2.7.18\pcbuild\obj\amd64_release\pythoncore\_bisectmodule.obj
l:\working\python-2.7.18\python-2.7.18\pcbuild\obj\amd64_release\pythoncore\signalmodule.obj
l:\working\python-2.7.18\python-2.7.18\pcbuild\obj\amd64_release\pythoncore\shamodule.obj
l:\working\python-2.7.18\python-2.7.18\pcbuild\obj\amd64_release\pythoncore\sha512module.obj
l:\working\python-2.7.18\python-2.7.18\pcbuild\obj\amd64_release\pythoncore\sha256module.obj
l:\working\python-2.7.18\python-2.7.18\pcbuild\obj\amd64_release\pythoncore\rotatingtree.obj
l:\working\python-2.7.18\python-2.7.18\pcbuild\obj\amd64_release\pythoncore\posixmodule.obj
l:\working\python-2.7.18\python-2.7.18\pcbuild\obj\amd64_release\pythoncore\parsermodule.obj
l:\working\python-2.7.18\python-2.7.18\pcbuild\obj\amd64_release\pythoncore\operator.obj
l:\working\python-2.7.18\python-2.7.18\pcbuild\obj\amd64_release\pythoncore\mmapmodule.obj
l:\working\python-2.7.18\python-2.7.18\pcbuild\obj\amd64_release\pythoncore\md5module.obj
l:\working\python-2.7.18\python-2.7.18\pcbuild\obj\amd64_release\pythoncore\md5.obj
l:\working\python-2.7.18\python-2.7.18\pcbuild\obj\amd64_release\pythoncore\mathmodule.obj
l:\working\python-2.7.18\python-2.7.18\pcbuild\obj\amd64_release\pythoncore\main.obj
l:\working\python-2.7.18\python-2.7.18\pcbuild\obj\amd64_release\pythoncore\itertoolsmodule.obj
l:\working\python-2.7.18\python-2.7.18\pcbuild\obj\amd64_release\pythoncore\imageop.obj
l:\working\python-2.7.18\python-2.7.18\pcbuild\obj\amd64_release\pythoncore\gcmodule.obj
l:\working\python-2.7.18\python-2.7.18\pcbuild\obj\amd64_release\pythoncore\future_builtins.obj
l:\working\python-2.7.18\python-2.7.18\pcbuild\obj\amd64_release\pythoncore\errnomodule.obj
l:\working\python-2.7.18\python-2.7.18\pcbuild\obj\amd64_release\pythoncore\datetimemodule.obj
l:\working\python-2.7.18\python-2.7.18\pcbuild\obj\amd64_release\pythoncore\cstringio.obj
l:\working\python-2.7.18\python-2.7.18\pcbuild\obj\amd64_release\pythoncore\trees.obj
l:\working\python-2.7.18\python-2.7.18\pcbuild\obj\amd64_release\pythoncore\inftrees.obj
l:\working\python-2.7.18\python-2.7.18\pcbuild\obj\amd64_release\pythoncore\inflate.obj
l:\working\python-2.7.18\python-2.7.18\pcbuild\obj\amd64_release\pythoncore\inffast.obj
l:\working\python-2.7.18\python-2.7.18\pcbuild\obj\amd64_release\pythoncore\infback.obj
l:\working\python-2.7.18\python-2.7.18\pcbuild\obj\amd64_release\pythoncore\gzwrite.obj
l:\working\python-2.7.18\python-2.7.18\pcbuild\obj\amd64_release\pythoncore\gzread.obj
l:\working\python-2.7.18\python-2.7.18\pcbuild\obj\amd64_release\pythoncore\gzlib.obj
l:\working\python-2.7.18\python-2.7.18\pcbuild\obj\amd64_release\pythoncore\gzclose.obj
l:\working\python-2.7.18\python-2.7.18\pcbuild\obj\amd64_release\pythoncore\deflate.obj
l:\working\python-2.7.18\python-2.7.18\pcbuild\obj\amd64_release\pythoncore\crc32.obj
l:\working\python-2.7.18\python-2.7.18\pcbuild\obj\amd64_release\pythoncore\compress.obj
l:\working\python-2.7.18\python-2.7.18\pcbuild\obj\amd64_release\pythoncore\adler32.obj
l:\working\python-2.7.18\python-2.7.18\pcbuild\obj\amd64_release\pythoncore\zlibmodule.obj
l:\working\python-2.7.18\python-2.7.18\pcbuild\obj\amd64_release\pythoncore\zipimport.obj
l:\working\python-2.7.18\python-2.7.18\pcbuild\obj\amd64_release\pythoncore\xxsubtype.obj
l:\working\python-2.7.18\python-2.7.18\pcbuild\obj\amd64_release\pythoncore\timemodule.obj
l:\working\python-2.7.18\python-2.7.18\pcbuild\obj\amd64_release\pythoncore\threadmodule.obj
l:\working\python-2.7.18\python-2.7.18\pcbuild\obj\amd64_release\pythoncore\symtablemodule.obj
l:\working\python-2.7.18\python-2.7.18\pcbuild\obj\amd64_release\pythoncore\stropmodule.obj
l:\working\python-2.7.18\python-2.7.18\pcbuild\obj\amd64_release\pythoncore\bytes_methods.obj
l:\working\python-2.7.18\python-2.7.18\pcbuild\obj\amd64_release\pythoncore\bufferobject.obj
l:\working\python-2.7.18\python-2.7.18\pcbuild\obj\amd64_release\pythoncore\boolobject.obj
l:\working\python-2.7.18\python-2.7.18\pcbuild\obj\amd64_release\pythoncore\abstract.obj
l:\working\python-2.7.18\python-2.7.18\pcbuild\obj\amd64_release\pythoncore\textio.obj
l:\working\python-2.7.18\python-2.7.18\pcbuild\obj\amd64_release\pythoncore\stringio.obj
l:\working\python-2.7.18\python-2.7.18\pcbuild\obj\amd64_release\pythoncore\iobase.obj
l:\working\python-2.7.18\python-2.7.18\pcbuild\obj\amd64_release\pythoncore\fileio.obj
l:\working\python-2.7.18\python-2.7.18\pcbuild\obj\amd64_release\pythoncore\bytesio.obj
l:\working\python-2.7.18\python-2.7.18\pcbuild\obj\amd64_release\pythoncore\bufferedio.obj
l:\working\python-2.7.18\python-2.7.18\pcbuild\obj\amd64_release\pythoncore\_iomodule.obj
l:\working\python-2.7.18\python-2.7.18\pcbuild\obj\amd64_release\pythoncore\multibytecodec.obj
l:\working\python-2.7.18\python-2.7.18\pcbuild\obj\amd64_release\pythoncore\_codecs_tw.obj
l:\working\python-2.7.18\python-2.7.18\pcbuild\obj\amd64_release\pythoncore\_codecs_kr.obj
l:\working\python-2.7.18\python-2.7.18\pcbuild\obj\amd64_release\pythoncore\_codecs_jp.obj
l:\working\python-2.7.18\python-2.7.18\pcbuild\obj\amd64_release\pythoncore\_codecs_iso2022.obj
l:\working\python-2.7.18\python-2.7.18\pcbuild\obj\amd64_release\pythoncore\_codecs_hk.obj
l:\working\python-2.7.18\python-2.7.18\pcbuild\obj\amd64_release\pythoncore\_codecs_cn.obj
l:\working\python-2.7.18\python-2.7.18\pcbuild\obj\amd64_release\pythoncore\zutil.obj
l:\working\python-2.7.18\python-2.7.18\pcbuild\obj\amd64_release\pythoncore\uncompr.obj
l:\working\python-2.7.18\python-2.7.18\pcbuild\obj\amd64_release\pythoncore\longobject.obj
l:\working\python-2.7.18\python-2.7.18\pcbuild\obj\amd64_release\pythoncore\listobject.obj
l:\working\python-2.7.18\python-2.7.18\pcbuild\obj\amd64_release\pythoncore\iterobject.obj
l:\working\python-2.7.18\python-2.7.18\pcbuild\obj\amd64_release\pythoncore\intobject.obj
l:\working\python-2.7.18\python-2.7.18\pcbuild\obj\amd64_release\pythoncore\genobject.obj
l:\working\python-2.7.18\python-2.7.18\pcbuild\obj\amd64_release\pythoncore\funcobject.obj
l:\working\python-2.7.18\python-2.7.18\pcbuild\obj\amd64_release\pythoncore\frameobject.obj
l:\working\python-2.7.18\python-2.7.18\pcbuild\obj\amd64_release\pythoncore\floatobject.obj
l:\working\python-2.7.18\python-2.7.18\pcbuild\obj\amd64_release\pythoncore\fileobject.obj
l:\working\python-2.7.18\python-2.7.18\pcbuild\obj\amd64_release\pythoncore\exceptions.obj
l:\working\python-2.7.18\python-2.7.18\pcbuild\obj\amd64_release\pythoncore\enumobject.obj
l:\working\python-2.7.18\python-2.7.18\pcbuild\obj\amd64_release\pythoncore\dictobject.obj
l:\working\python-2.7.18\python-2.7.18\pcbuild\obj\amd64_release\pythoncore\descrobject.obj
l:\working\python-2.7.18\python-2.7.18\pcbuild\obj\amd64_release\pythoncore\complexobject.obj
l:\working\python-2.7.18\python-2.7.18\pcbuild\obj\amd64_release\pythoncore\codeobject.obj
l:\working\python-2.7.18\python-2.7.18\pcbuild\obj\amd64_release\pythoncore\cobject.obj
l:\working\python-2.7.18\python-2.7.18\pcbuild\obj\amd64_release\pythoncore\classobject.obj
l:\working\python-2.7.18\python-2.7.18\pcbuild\obj\amd64_release\pythoncore\cellobject.obj
l:\working\python-2.7.18\python-2.7.18\pcbuild\obj\amd64_release\pythoncore\capsule.obj
l:\working\python-2.7.18\python-2.7.18\pcbuild\obj\amd64_release\pythoncore\bytearrayobject.obj
l:\working\python-2.7.18\python-2.7.18\pcbuild\obj\amd64_release\pythoncore\grammar1.obj
l:\working\python-2.7.18\python-2.7.18\pcbuild\obj\amd64_release\pythoncore\grammar.obj
l:\working\python-2.7.18\python-2.7.18\pcbuild\obj\amd64_release\pythoncore\firstsets.obj
l:\working\python-2.7.18\python-2.7.18\pcbuild\obj\amd64_release\pythoncore\bitset.obj
l:\working\python-2.7.18\python-2.7.18\pcbuild\obj\amd64_release\pythoncore\acceler.obj
l:\working\python-2.7.18\python-2.7.18\pcbuild\obj\amd64_release\pythoncore\weakrefobject.obj
l:\working\python-2.7.18\python-2.7.18\pcbuild\obj\amd64_release\pythoncore\unicodeobject.obj
l:\working\python-2.7.18\python-2.7.18\pcbuild\obj\amd64_release\pythoncore\unicodectype.obj
l:\working\python-2.7.18\python-2.7.18\pcbuild\obj\amd64_release\pythoncore\typeobject.obj
l:\working\python-2.7.18\python-2.7.18\pcbuild\obj\amd64_release\pythoncore\tupleobject.obj
l:\working\python-2.7.18\python-2.7.18\pcbuild\obj\amd64_release\pythoncore\structseq.obj
l:\working\python-2.7.18\python-2.7.18\pcbuild\obj\amd64_release\pythoncore\stringobject.obj
l:\working\python-2.7.18\python-2.7.18\pcbuild\obj\amd64_release\pythoncore\sliceobject.obj
l:\working\python-2.7.18\python-2.7.18\pcbuild\obj\amd64_release\pythoncore\setobject.obj
l:\working\python-2.7.18\python-2.7.18\pcbuild\obj\amd64_release\pythoncore\rangeobject.obj
l:\working\python-2.7.18\python-2.7.18\pcbuild\obj\amd64_release\pythoncore\obmalloc.obj
l:\working\python-2.7.18\python-2.7.18\pcbuild\obj\amd64_release\pythoncore\object.obj
l:\working\python-2.7.18\python-2.7.18\pcbuild\obj\amd64_release\pythoncore\moduleobject.obj
l:\working\python-2.7.18\python-2.7.18\pcbuild\obj\amd64_release\pythoncore\methodobject.obj
l:\working\python-2.7.18\python-2.7.18\pcbuild\obj\amd64_release\pythoncore\memoryobject.obj
l:\working\python-2.7.18\python-2.7.18\pcbuild\obj\amd64_release\pythoncore\codecs.obj
l:\working\python-2.7.18\python-2.7.18\pcbuild\obj\amd64_release\pythoncore\ceval.obj
l:\working\python-2.7.18\python-2.7.18\pcbuild\obj\amd64_release\pythoncore\bltinmodule.obj
l:\working\python-2.7.18\python-2.7.18\pcbuild\obj\amd64_release\pythoncore\ast.obj
l:\working\python-2.7.18\python-2.7.18\pcbuild\obj\amd64_release\pythoncore\asdl.obj
l:\working\python-2.7.18\python-2.7.18\pcbuild\obj\amd64_release\pythoncore\_warnings.obj
l:\working\python-2.7.18\python-2.7.18\pcbuild\obj\amd64_release\pythoncore\msvcrtmodule.obj
l:\working\python-2.7.18\python-2.7.18\pcbuild\obj\amd64_release\pythoncore\import_nt.obj
l:\working\python-2.7.18\python-2.7.18\pcbuild\obj\amd64_release\pythoncore\getpathp.obj
l:\working\python-2.7.18\python-2.7.18\pcbuild\obj\amd64_release\pythoncore\dl_nt.obj
l:\working\python-2.7.18\python-2.7.18\pcbuild\obj\amd64_release\pythoncore\config.obj
l:\working\python-2.7.18\python-2.7.18\pcbuild\obj\amd64_release\pythoncore\_winreg.obj
l:\working\python-2.7.18\python-2.7.18\pcbuild\obj\amd64_release\pythoncore\_subprocess.obj
l:\working\python-2.7.18\python-2.7.18\pcbuild\obj\amd64_release\pythoncore\tokenizer.obj
l:\working\python-2.7.18\python-2.7.18\pcbuild\obj\amd64_release\pythoncore\parsetok.obj
l:\working\python-2.7.18\python-2.7.18\pcbuild\obj\amd64_release\pythoncore\parser.obj
l:\working\python-2.7.18\python-2.7.18\pcbuild\obj\amd64_release\pythoncore\node.obj
l:\working\python-2.7.18\python-2.7.18\pcbuild\obj\amd64_release\pythoncore\myreadline.obj
l:\working\python-2.7.18\python-2.7.18\pcbuild\obj\amd64_release\pythoncore\metagrammar.obj
l:\working\python-2.7.18\python-2.7.18\pcbuild\obj\amd64_release\pythoncore\listnode.obj
l:\working\python-2.7.18\python-2.7.18\pcbuild\obj\amd64_release\pythoncore\mysnprintf.obj
l:\working\python-2.7.18\python-2.7.18\pcbuild\obj\amd64_release\pythoncore\modsupport.obj
l:\working\python-2.7.18\python-2.7.18\pcbuild\obj\amd64_release\pythoncore\marshal.obj
l:\working\python-2.7.18\python-2.7.18\pcbuild\obj\amd64_release\pythoncore\importdl.obj
l:\working\python-2.7.18\python-2.7.18\pcbuild\obj\amd64_release\pythoncore\import.obj
l:\working\python-2.7.18\python-2.7.18\pcbuild\obj\amd64_release\pythoncore\graminit.obj
l:\working\python-2.7.18\python-2.7.18\pcbuild\obj\amd64_release\pythoncore\getversion.obj
l:\working\python-2.7.18\python-2.7.18\pcbuild\obj\amd64_release\pythoncore\getplatform.obj
l:\working\python-2.7.18\python-2.7.18\pcbuild\obj\amd64_release\pythoncore\getopt.obj
l:\working\python-2.7.18\python-2.7.18\pcbuild\obj\amd64_release\pythoncore\getcopyright.obj
l:\working\python-2.7.18\python-2.7.18\pcbuild\obj\amd64_release\pythoncore\getcompiler.obj
l:\working\python-2.7.18\python-2.7.18\pcbuild\obj\amd64_release\pythoncore\getargs.obj
l:\working\python-2.7.18\python-2.7.18\pcbuild\obj\amd64_release\pythoncore\future.obj
l:\working\python-2.7.18\python-2.7.18\pcbuild\obj\amd64_release\pythoncore\frozen.obj
l:\working\python-2.7.18\python-2.7.18\pcbuild\obj\amd64_release\pythoncore\formatter_unicode.obj
l:\working\python-2.7.18\python-2.7.18\pcbuild\obj\amd64_release\pythoncore\formatter_string.obj
l:\working\python-2.7.18\python-2.7.18\pcbuild\obj\amd64_release\pythoncore\errors.obj
l:\working\python-2.7.18\python-2.7.18\pcbuild\obj\amd64_release\pythoncore\dynload_win.obj
l:\working\python-2.7.18\python-2.7.18\pcbuild\obj\amd64_release\pythoncore\dtoa.obj
l:\working\python-2.7.18\python-2.7.18\pcbuild\obj\amd64_release\pythoncore\compile.obj
l:\working\python-2.7.18\python-2.7.18\pcbuild\obj\amd64_release\pythoncore\traceback.obj
l:\working\python-2.7.18\python-2.7.18\pcbuild\obj\amd64_release\pythoncore\thread.obj
l:\working\python-2.7.18\python-2.7.18\pcbuild\obj\amd64_release\pythoncore\sysmodule.obj
l:\working\python-2.7.18\python-2.7.18\pcbuild\obj\amd64_release\pythoncore\symtable.obj
l:\working\python-2.7.18\python-2.7.18\pcbuild\obj\amd64_release\pythoncore\structmember.obj
l:\working\python-2.7.18\python-2.7.18\pcbuild\obj\amd64_release\pythoncore\random.obj
l:\working\python-2.7.18\python-2.7.18\pcbuild\obj\amd64_release\pythoncore\pythonrun.obj
l:\working\python-2.7.18\python-2.7.18\pcbuild\obj\amd64_release\pythoncore\python-ast.obj
l:\working\python-2.7.18\python-2.7.18\pcbuild\obj\amd64_release\pythoncore\pystrtod.obj
l:\working\python-2.7.18\python-2.7.18\pcbuild\obj\amd64_release\pythoncore\pystrcmp.obj
l:\working\python-2.7.18\python-2.7.18\pcbuild\obj\amd64_release\pythoncore\pystate.obj
l:\working\python-2.7.18\python-2.7.18\pcbuild\obj\amd64_release\pythoncore\pymath.obj
l:\working\python-2.7.18\python-2.7.18\pcbuild\obj\amd64_release\pythoncore\pyfpe.obj
l:\working\python-2.7.18\python-2.7.18\pcbuild\obj\amd64_release\pythoncore\pyctype.obj
l:\working\python-2.7.18\python-2.7.18\pcbuild\obj\amd64_release\pythoncore\pyarena.obj
l:\working\python-2.7.18\python-2.7.18\pcbuild\obj\amd64_release\pythoncore\peephole.obj
l:\working\python-2.7.18\python-2.7.18\pcbuild\obj\amd64_release\pythoncore\mystrtoul.obj
l:\working\python-2.7.18\python-2.7.18\pcbuild\obj\amd64_release\pythoncore\getbuildinfo.obj
l:\working\python-2.7.18\python-2.7.18\pcbuild\amd64\python27.lib
l:\working\python-2.7.18\python-2.7.18\pcbuild\obj\amd64_release\pythoncore\python_nt.res
l:\working\python-2.7.18\python-2.7.18\pcbuild\\amd64\python27.pdb
l:\working\python-2.7.18\python-2.7.18\pcbuild\obj\amd64_release\pythoncore\pythoncore.vcxproj.filelistabsolute.txt
l:\working\python-2.7.18\python-2.7.18\pcbuild\obj\amd64_release\pythoncore\pythoncore.tlog\cl.command.1.tlog
l:\working\python-2.7.18\python-2.7.18\pcbuild\obj\amd64_release\pythoncore\pythoncore.tlog\cl.items.tlog
l:\working\python-2.7.18\python-2.7.18\pcbuild\obj\amd64_release\pythoncore\pythoncore.tlog\cl.read.1.tlog
l:\working\python-2.7.18\python-2.7.18\pcbuild\obj\amd64_release\pythoncore\pythoncore.tlog\cl.write.1.tlog
l:\working\python-2.7.18\python-2.7.18\pcbuild\obj\amd64_release\pythoncore\pythoncore.tlog\lib-link-cvtres.read.1.tlog
l:\working\python-2.7.18\python-2.7.18\pcbuild\obj\amd64_release\pythoncore\pythoncore.tlog\lib-link-cvtres.write.1.tlog
l:\working\python-2.7.18\python-2.7.18\pcbuild\obj\amd64_release\pythoncore\pythoncore.tlog\lib.command.1.tlog
l:\working\python-2.7.18\python-2.7.18\pcbuild\obj\amd64_release\pythoncore\pythoncore.tlog\rc.command.1.tlog
l:\working\python-2.7.18\python-2.7.18\pcbuild\obj\amd64_release\pythoncore\pythoncore.tlog\rc.read.1.tlog
l:\working\python-2.7.18\python-2.7.18\pcbuild\obj\amd64_release\pythoncore\pythoncore.tlog\rc.write.1.tlog
