  Killing any running python.exe instances...
  Getting build info from git
  fatal: not a git repository (or any of the parent directories): .git
L:\Working\Python-2.7.18\Python-2.7.18\PCbuild\pythoncore.vcxproj(429,5): warning MSB3073: 命令“git name-rev --name-only HEAD > "L:\Working\Python-2.7.18\Python-2.7.18\PCbuild\obj\win32_Release\pythoncore\gitbranch.txt"”已退出，代码为 128。
  fatal: not a git repository (or any of the parent directories): .git
L:\Working\Python-2.7.18\Python-2.7.18\PCbuild\pythoncore.vcxproj(430,5): warning MSB3073: 命令“git rev-parse --short HEAD > "L:\Working\Python-2.7.18\Python-2.7.18\PCbuild\obj\win32_Release\pythoncore\gitversion.txt"”已退出，代码为 128。
  fatal: not a git repository (or any of the parent directories): .git
L:\Working\Python-2.7.18\Python-2.7.18\PCbuild\pythoncore.vcxproj(431,5): warning MSB3073: 命令“git describe --all --always --dirty > "L:\Working\Python-2.7.18\Python-2.7.18\PCbuild\obj\win32_Release\pythoncore\gittag.txt"”已退出，代码为 128。
  Building : 
L:\Working\Python-2.7.18\Python-2.7.18\PCbuild\pythoncore.vcxproj(445,5): warning : Toolset v143 is not used for official builds. Your build may have errors or incompatibilities.
  _bisectmodule.c
  _codecsmodule.c
  _collectionsmodule.c
  _csv.c
  _functoolsmodule.c
  _heapqmodule.c
  _hotshot.c
  _iomodule.c
  bufferedio.c
  bytesio.c
  fileio.c
  iobase.c
  stringio.c
  textio.c
  _json.c
  _localemodule.c
  _lsprof.c
  _math.c
  _randommodule.c
  _sre.c
  正在编译...
  _struct.c
  _weakref.c
  arraymodule.c
  audioop.c
  binascii.c
  cPickle.c
  cStringIO.c
  _codecs_cn.c
  _codecs_hk.c
  _codecs_iso2022.c
  _codecs_jp.c
  _codecs_kr.c
  _codecs_tw.c
  multibytecodec.c
  cmathmodule.c
  datetimemodule.c
  errnomodule.c
  future_builtins.c
  gcmodule.c
  imageop.c
  正在编译...
  itertoolsmodule.c
  main.c
  mathmodule.c
  md5module.c
  mmapmodule.c
  operator.c
  parsermodule.c
  posixmodule.c
L:\Working\Python-2.7.18\Python-2.7.18\Modules\posixmodule.c(610,28): warning C4047: “==”:“intptr_t”与“HANDLE”的间接级别不同
L:\Working\Python-2.7.18\Python-2.7.18\Modules\posixmodule.c(5416,13): warning C4996: 'GetVersion': 被声明为已否决
  sha256module.c
  sha512module.c
  shamodule.c
  signalmodule.c
  stropmodule.c
  symtablemodule.c
  threadmodule.c
  timemodule.c
  xxsubtype.c
  zipimport.c
  zlibmodule.c
  abstract.c
  正在编译...
  boolobject.c
  bufferobject.c
  bytearrayobject.c
  bytes_methods.c
  capsule.c
  cellobject.c
  classobject.c
  cobject.c
  codeobject.c
  complexobject.c
  descrobject.c
  dictobject.c
  enumobject.c
  exceptions.c
  fileobject.c
  floatobject.c
  frameobject.c
  funcobject.c
  genobject.c
  intobject.c
  正在编译...
  iterobject.c
  listobject.c
  longobject.c
  memoryobject.c
  methodobject.c
  moduleobject.c
  object.c
  obmalloc.c
  rangeobject.c
  setobject.c
  sliceobject.c
  stringobject.c
  structseq.c
  tupleobject.c
  typeobject.c
  unicodectype.c
  unicodeobject.c
  weakrefobject.c
  _subprocess.c
L:\Working\Python-2.7.18\Python-2.7.18\PC\_subprocess.c(592,33): warning C4996: 'GetVersion': 被声明为已否决
  _winreg.c
  正在编译...
  config.c
  dl_nt.c
  getpathp.c
  import_nt.c
  msvcrtmodule.c
L:\Working\Python-2.7.18\Python-2.7.18\PC\msvcrtmodule.c(400,9): warning C4101: “st”: 未引用的局部变量
  acceler.c
  bitset.c
  firstsets.c
  grammar.c
  grammar1.c
  listnode.c
  metagrammar.c
  myreadline.c
  node.c
  parser.c
  parsetok.c
  tokenizer.c
  Python-ast.c
  _warnings.c
  asdl.c
  正在编译...
  ast.c
  bltinmodule.c
  ceval.c
  codecs.c
  compile.c
  dtoa.c
  dynload_win.c
  errors.c
  formatter_string.c
  formatter_unicode.c
  frozen.c
  future.c
  getargs.c
  getcompiler.c
  getcopyright.c
  getplatform.c
  getversion.c
  graminit.c
  import.c
  importdl.c
  正在编译...
  marshal.c
L:\Working\Python-2.7.18\Python-2.7.18\Python\marshal.c(1042,1): warning C4819: 该文件包含不能在当前代码页(936)中表示的字符。请将该文件保存为 Unicode 格式以防止数据丢失
  modsupport.c
  mysnprintf.c
  mystrtoul.c
  peephole.c
  pyarena.c
  pyctype.c
  pymath.c
  pystate.c
  pystrcmp.c
  pystrtod.c
  pythonrun.c
  random.c
  structmember.c
  symtable.c
  sysmodule.c
L:\Working\Python-2.7.18\Python-2.7.18\Python\sysmodule.c(601,10): warning C4996: 'GetVersionExA': 被声明为已否决
  thread.c
  traceback.c
  getbuildinfo.c
  pythoncore.vcxproj -> L:\Working\Python-2.7.18\Python-2.7.18\PCBuild\python27.lib
